// Jest Snapshot v1, https://goo.gl/fbAQLP

exports[`<BusinessEntityForm /> should render 1`] = `ShallowWrapper {}`;
